exports[`[object Object] 1`] = `
<div
  className="kqVIfr">
  <button
    className="cODic"
    onClick={[Function]}>
    X
  </button>
  <div
    className="iXzjgr">
    <button
      className="ghDeUf"
      onClick={[Function]}>
      Image
      <input
        accept="image/*"
        onChange={[Function]}
        style={
          Object {
            "display": "none",
          }
        }
        type="file" />
    </button>
  </div>
</div>
`;
