exports[`[object Object] 1`] = `
<div
  className="lcrruv">
  <div
    className="hSmQAk">
    <div
      className="DraftEditor-root">
      <div
        className="public-DraftEditorPlaceholder-root">
        <div
          className="public-DraftEditorPlaceholder-inner"
          id="placeholder-5bkb3">
          Write something cool...
        </div>
      </div>
      <div
        className="DraftEditor-editorContainer">
        <div
          aria-activedescendant={undefined}
          aria-autocomplete={undefined}
          aria-describedby="placeholder-5bkb3"
          aria-expanded={undefined}
          aria-haspopup={undefined}
          aria-label={undefined}
          aria-owns={undefined}
          className="public-DraftEditor-content"
          contentEditable={true}
          data-testid={undefined}
          onBeforeInput={[Function]}
          onBlur={[Function]}
          onCompositionEnd={[Function]}
          onCompositionStart={[Function]}
          onCopy={[Function]}
          onCut={[Function]}
          onDragEnd={[Function]}
          onDragEnter={[Function]}
          onDragLeave={[Function]}
          onDragOver={[Function]}
          onDragStart={[Function]}
          onDrop={[Function]}
          onFocus={[Function]}
          onInput={[Function]}
          onKeyDown={[Function]}
          onKeyPress={[Function]}
          onKeyUp={[Function]}
          onMouseUp={[Function]}
          onPaste={[Function]}
          onSelect={[Function]}
          role="textbox"
          spellCheck={true}
          style={
            Object {
              "outline": "none",
              "whiteSpace": "pre-wrap",
              "wordWrap": "break-word",
            }
          }
          suppressContentEditableWarning={true}
          tabIndex={undefined}>
          <div
            data-contents="true">
            <div
              className=""
              data-block={true}
              data-editor="5bkb3"
              data-offset-key="dg0r1-0-0">
              <div
                className="public-DraftStyleDefault-block public-DraftStyleDefault-ltr"
                data-offset-key="dg0r1-0-0">
                <span
                  data-offset-key="dg0r1-0-0"
                  style={Object {}}>
                  <br
                    data-text="true" />
                </span>
              </div>
            </div>
          </div>
        </div>
      </div>
    </div>
    <div
      className="gACtEH">
      <div>
        <span
          className="kLKimt"
          onClick={[Function]}>
          H1
        </span>
        <span
          className="kLKimt"
          onClick={[Function]}>
          H2
        </span>
        <span
          className="kLKimt"
          onClick={[Function]}>
          H3
        </span>
        <span
          className="kLKimt"
          onClick={[Function]}>
          Quote
        </span>
        <span
          className="kLKimt"
          onClick={[Function]}>
          Bulleted List
        </span>
        <span
          className="kLKimt"
          onClick={[Function]}>
          Numbered List
        </span>
        <span
          className="kLKimt"
          onClick={[Function]}>
          Code Block
        </span>
      </div>
      <div>
        <span
          className="kLKimt"
          onClick={[Function]}>
          B
        </span>
        <span
          className="kLKimt"
          onClick={[Function]}>
          I
        </span>
        <span
          className="kLKimt"
          onClick={[Function]}>
          U
        </span>
        <span
          className="kLKimt"
          onClick={[Function]}>
          Hi
        </span>
      </div>
    </div>
  </div>
</div>
`;
